
> solar-customer-panel-monorepo@0.1.0 build
> npm run build --workspace backend && npm run build --workspace frontend


> backend@1.0.0 build
> tsc


> frontend@0.1.0 build
> tsc -b && vite build

[36mvite v5.4.21 [32mbuilding for production...[36m[39m
transforming...
[32mΓ£ô[39m 110 modules transformed.
rendering chunks...
computing gzip size...
[2mdist/[22m[32mindex.html                 [39m[1m[2m  0.42 kB[22m[1m[22m[2m Γöé gzip:  0.30 kB[22m
[2mdist/[22m[35massets/index-BojhLMa2.css  [39m[1m[2m 11.60 kB[22m[1m[22m[2m Γöé gzip:  2.85 kB[22m
[2mdist/[22m[36massets/index-DPrFgBTa.js   [39m[1m[2m228.28 kB[22m[1m[22m[2m Γöé gzip: 75.49 kB[22m
[32mΓ£ô built in 5.34s[39m
